---
source: crates/lowering/tests/lowering.rs
expression: lowered_code

---
contract Foo:
    pub fn foo() -> ():
        let x: u256[3] = list_expr_array_u256_3(10, 20, 30)
        return ()

    fn list_expr_array_u256_3(val0: u256, val1: u256, val2: u256) -> u256[3]:
        let generated_array: u256[3]
        generated_array[0] = val0
        generated_array[1] = val1
        generated_array[2] = val2
        return generated_array
