---
source: crates/lowering/tests/lowering.rs
expression: lowered_code

---
contract Foo:
    pub fn explicit_return_a1() -> ():
        return ()

    pub fn explicit_return_a2() -> ():
        return ()

    pub fn explicit_return_b1() -> ():
        return ()

    pub fn explicit_return_b2() -> ():
        return ()

    pub fn implicit_a1() -> ():
        pass
        return ()

    pub fn implicit_a2() -> ():
        pass
        return ()

    pub fn if_elif_else() -> ():
        if true:
            return ()
        else true:
            if false:
                return ()
            else false:
                pass


        return ()

    pub fn tuple_stmt() -> ():
        ()
        return ()
