---
source: crates/analyzer/tests/errors.rs
expression: "error_string(&path, &src)"

---
error: `+` operand types must be equal
  ┌─ compile_errors/return_addition_with_mixed_types.fe:3:16
  │
3 │         return x + y
  │                ^   ^ this has type `u128`
  │                │    
  │                this has type `u256`


