---
source: crates/analyzer/tests/errors.rs
expression: "error_string(\"[snippet]\", &src)"

---
error: `+` operand types must be equal
  ┌─ [snippet]:5:3
  │
5 │   a + b
  │   ^   ^ this has type `u8`
  │   │    
  │   this has type `u256`


