---
source: crates/analyzer/tests/errors.rs
expression: "error_string(\"[snippet]\", &src)"

---
error: `Map` type is not callable
  ┌─ [snippet]:3:3
  │
3 │   Map<u8, u8>()
  │   ^^^


