---
source: crates/analyzer/tests/errors.rs
expression: "error_string(\"[snippet]\", &src)"

---
error: `break` outside of a loop
  ┌─ [snippet]:4:5
  │
4 │     break
  │     ^^^^^ `break` can only be used inside of a `for` or `while` loop


